// Jest Snapshot v1, https://goo.gl/fbAQLP

exports[` <App /> Component   should successfully rendred  1`] = `
<RNCSafeAreaProvider
  onInsetsChange={[Function]}
  style={
    Array [
      Object {
        "flex": 1,
      },
      undefined,
    ]
  }
/>
`;
